// Jest Snapshot v1, https://goo.gl/fbAQLP

exports[`articleFormatPathHelper Blog posts 1`] = `
Array [
  "blog/2013/2/21/conference-comment-evaluer-la-qualite-dun-site-web-selon-les-techniques-dintegration-web-dactualite",
  "blog/2012/11/22/why-would-i-not-use-my-own-framework-and-how-i-sell-usage-of-symfony2-and-other-current-php-5-3-goodies-to-my-client",
  "blog/2012/10/27/my-first-introduction-to-the-hypermedia",
  "blog/2007/6/26/une-boite-qui-traine",
]
`;

exports[`dateTupleSlugToPath Happy-Path 1`] = `
Array [
  "2013/2/21/conference-comment-evaluer-la-qualite-dun-site-web-selon-les-techniques-dintegration-web-dactualite",
  "2012/11/22/why-would-i-not-use-my-own-framework-and-how-i-sell-usage-of-symfony2-and-other-current-php-5-3-goodies-to-my-client",
  "2012/10/27/my-first-introduction-to-the-hypermedia",
  "2007/6/26/une-boite-qui-traine",
]
`;
