// Jest Snapshot v1, https://goo.gl/fbAQLP

exports[`csvToSlugCollection Happy-Path 1`] = `
Array [
  Object {
    "slug": "2013-02-21-conference-comment-evaluer-la-qualite-dun-site-web-selon-les-techniques-dintegration-web-dactualite.md",
  },
  Object {
    "slug": "2012-11-22-why-would-i-not-use-my-own-framework-and-how-i-sell-usage-of-symfony2-and-other-current-php-5-3-goodies-to-my-client.md",
  },
  Object {
    "slug": "2012-10-27-my-first-introduction-to-the-hypermedia.md",
  },
  Object {
    "slug": "2007-06-26-une-boite-qui-traine.md",
  },
]
`;
