// Jest Snapshot v1, https://goo.gl/fbAQLP

exports[`csvToSlugCollection Happy-Path 1`] = `
Array [
  Article {
    "content": "",
    "dateTuple": Array [
      2013,
      2,
      21,
    ],
    "path": "blog/2013/2/21/conference-comment-evaluer-la-qualite-dun-site-web-selon-les-techniques-dintegration-web-dactualite",
    "slug": "2013-02-21-conference-comment-evaluer-la-qualite-dun-site-web-selon-les-techniques-dintegration-web-dactualite",
    "title": "",
    "type": "post",
  },
  Article {
    "content": "",
    "dateTuple": Array [
      2012,
      11,
      22,
    ],
    "path": "blog/2012/11/22/why-would-i-not-use-my-own-framework-and-how-i-sell-usage-of-symfony2-and-other-current-php-5-3-goodies-to-my-client",
    "slug": "2012-11-22-why-would-i-not-use-my-own-framework-and-how-i-sell-usage-of-symfony2-and-other-current-php-5-3-goodies-to-my-client",
    "title": "",
    "type": "post",
  },
  Article {
    "content": "",
    "dateTuple": Array [
      2012,
      10,
      27,
    ],
    "path": "blog/2012/10/27/my-first-introduction-to-the-hypermedia",
    "slug": "2012-10-27-my-first-introduction-to-the-hypermedia",
    "title": "",
    "type": "post",
  },
  Article {
    "content": "",
    "dateTuple": Array [
      2007,
      6,
      26,
    ],
    "path": "blog/2007/6/26/une-boite-qui-traine",
    "slug": "2007-06-26-une-boite-qui-traine",
    "title": "",
    "type": "post",
  },
]
`;
